[2m2025-10-25T23:38:04.864133Z[0m [31mERROR[0m [2mglazewm[0m[2m:[0m Another instance of the application is already running.
[2m2025-11-21T16:09:57.293652Z[0m [31mERROR[0m [2mglazewm[0m[2m:[0m general.startup_commands: Usage: wm-common <COMMAND>

Commands:
  adjust-borders            
  close                     
  focus                     
  ignore                    
  move                      
  move-workspace            
  position                  
  resize                    
  set-floating              
  set-fullscreen            
  set-minimized             
  set-tiling                
  set-title-bar-visibility  
  set-transparency          
  shell-exec                
  size                      
  toggle-floating           
  toggle-fullscreen         
  toggle-minimized          
  toggle-tiling             
  toggle-tiling-direction   
  set-tiling-direction      
  wm-cycle-focus            
  wm-disable-binding-mode   
  wm-enable-binding-mode    
  wm-exit                   
  wm-redraw                 
  wm-reload-config          
  wm-toggle-pause           
  help                      Print this message or the help of the given subcommand(s)

Options:
  -h, --help  Print help
 at line 5 column 21
[2m2025-11-21T16:10:18.873103Z[0m [31mERROR[0m [2mglazewm[0m[2m:[0m general.startup_commands: Usage: wm-common <COMMAND>

Commands:
  adjust-borders            
  close                     
  focus                     
  ignore                    
  move                      
  move-workspace            
  position                  
  resize                    
  set-floating              
  set-fullscreen            
  set-minimized             
  set-tiling                
  set-title-bar-visibility  
  set-transparency          
  shell-exec                
  size                      
  toggle-floating           
  toggle-fullscreen         
  toggle-minimized          
  toggle-tiling             
  toggle-tiling-direction   
  set-tiling-direction      
  wm-cycle-focus            
  wm-disable-binding-mode   
  wm-enable-binding-mode    
  wm-exit                   
  wm-redraw                 
  wm-reload-config          
  wm-toggle-pause           
  help                      Print this message or the help of the given subcommand(s)

Options:
  -h, --help  Print help
 at line 5 column 21
[2m2025-11-21T16:12:19.502205Z[0m [31mERROR[0m [2mglazewm[0m[2m:[0m general.startup_commands: Usage: wm-common <COMMAND>

Commands:
  adjust-borders            
  close                     
  focus                     
  ignore                    
  move                      
  move-workspace            
  position                  
  resize                    
  set-floating              
  set-fullscreen            
  set-minimized             
  set-tiling                
  set-title-bar-visibility  
  set-transparency          
  shell-exec                
  size                      
  toggle-floating           
  toggle-fullscreen         
  toggle-minimized          
  toggle-tiling             
  toggle-tiling-direction   
  set-tiling-direction      
  wm-cycle-focus            
  wm-disable-binding-mode   
  wm-enable-binding-mode    
  wm-exit                   
  wm-redraw                 
  wm-reload-config          
  wm-toggle-pause           
  help                      Print this message or the help of the given subcommand(s)

Options:
  -h, --help  Print help
 at line 5 column 21
[2m2025-11-21T16:18:48.196953Z[0m [31mERROR[0m [2mglazewm[0m[2m:[0m general.startup_commands: Usage: wm-common <COMMAND>

Commands:
  adjust-borders            
  close                     
  focus                     
  ignore                    
  move                      
  move-workspace            
  position                  
  resize                    
  set-floating              
  set-fullscreen            
  set-minimized             
  set-tiling                
  set-title-bar-visibility  
  set-transparency          
  shell-exec                
  size                      
  toggle-floating           
  toggle-fullscreen         
  toggle-minimized          
  toggle-tiling             
  toggle-tiling-direction   
  set-tiling-direction      
  wm-cycle-focus            
  wm-disable-binding-mode   
  wm-enable-binding-mode    
  wm-exit                   
  wm-redraw                 
  wm-reload-config          
  wm-toggle-pause           
  help                      Print this message or the help of the given subcommand(s)

Options:
  -h, --help  Print help
 at line 5 column 21
[2m2025-11-21T16:18:59.943880Z[0m [31mERROR[0m [2mglazewm[0m[2m:[0m general.startup_commands: Usage: wm-common <COMMAND>

Commands:
  adjust-borders            
  close                     
  focus                     
  ignore                    
  move                      
  move-workspace            
  position                  
  resize                    
  set-floating              
  set-fullscreen            
  set-minimized             
  set-tiling                
  set-title-bar-visibility  
  set-transparency          
  shell-exec                
  size                      
  toggle-floating           
  toggle-fullscreen         
  toggle-minimized          
  toggle-tiling             
  toggle-tiling-direction   
  set-tiling-direction      
  wm-cycle-focus            
  wm-disable-binding-mode   
  wm-enable-binding-mode    
  wm-exit                   
  wm-redraw                 
  wm-reload-config          
  wm-toggle-pause           
  help                      Print this message or the help of the given subcommand(s)

Options:
  -h, --help  Print help
 at line 5 column 21
[2m2025-11-21T16:22:24.610743Z[0m [31mERROR[0m [2mglazewm[0m[2m:[0m general.startup_commands: Usage: wm-common <COMMAND>

Commands:
  adjust-borders            
  close                     
  focus                     
  ignore                    
  move                      
  move-workspace            
  position                  
  resize                    
  set-floating              
  set-fullscreen            
  set-minimized             
  set-tiling                
  set-title-bar-visibility  
  set-transparency          
  shell-exec                
  size                      
  toggle-floating           
  toggle-fullscreen         
  toggle-minimized          
  toggle-tiling             
  toggle-tiling-direction   
  set-tiling-direction      
  wm-cycle-focus            
  wm-disable-binding-mode   
  wm-enable-binding-mode    
  wm-exit                   
  wm-redraw                 
  wm-reload-config          
  wm-toggle-pause           
  help                      Print this message or the help of the given subcommand(s)

Options:
  -h, --help  Print help
 at line 5 column 21
